DLL Attached!
Shared memory bridge initialized.
Hook installed at tramp RVA 0xC5720, bytes=41, disp=738474
Frame 1 [Status 1]: RPM=0.0 (target=1000)
CRASH: Code=0x406D1388 at RIP=00007FF9C28541CA (RVA=0x514D41CA)
Frame 2 [Status 1]: RPM=4927.1 (target=1000)
Frame 3 [Status 1]: RPM=7807.2 (target=1000)
Frame 4 [Status 1]: RPM=10451.8 (target=1000)
Frame 5 [Status 1]: RPM=12015.9 (target=1000)
Frame 60 [Status 2]: RPM=4700.0 (target=1000)
Frame 120 [Status 2]: RPM=4700.0 (target=1000)
Frame 180 [Status 2]: RPM=4700.0 (target=1000)
Frame 240 [Status 2]: RPM=4700.0 (target=1000)
Frame 300 [Status 2]: RPM=4700.0 (target=1000)
Frame 360 [Status 2]: RPM=4700.0 (target=1000)
Frame 420 [Status 2]: RPM=4700.0 (target=1000)
Frame 480 [Status 3]: RPM=4700.0 (target=4700)
Frame 540 [Status 3]: RPM=4700.0 (target=4700)
Frame 600 [Status 3]: RPM=4700.0 (target=4700)
Frame 660 [Status 3]: RPM=4700.0 (target=4700)
Frame 720 [Status 3]: RPM=4700.0 (target=4700)
Frame 780 [Status 3]: RPM=4700.0 (target=4700)
Frame 840 [Status 3]: RPM=4700.0 (target=4700)
Frame 900 [Status 3]: RPM=4700.0 (target=4700)
Frame 960 [Status 3]: RPM=4700.0 (target=4700)
Frame 1020 [Status 3]: RPM=4700.0 (target=4700)
Frame 1080 [Status 3]: RPM=4700.0 (target=4700)
Frame 1140 [Status 3]: RPM=4700.0 (target=4700)
Frame 1200 [Status 3]: RPM=4700.0 (target=4700)
Frame 1260 [Status 3]: RPM=4700.0 (target=4700)
Frame 1320 [Status 2]: RPM=7639.0 (target=4700)
Frame 1380 [Status 3]: RPM=20871.0 (target=4700)
Frame 1440 [Status 3]: RPM=19842.8 (target=4700)
Frame 1500 [Status 3]: RPM=20962.5 (target=4700)
Frame 1560 [Status 3]: RPM=20054.5 (target=4700)
Frame 1620 [Status 3]: RPM=20817.0 (target=4700)
Frame 1680 [Status 3]: RPM=20550.6 (target=4700)
Frame 1740 [Status 3]: RPM=19884.4 (target=4700)
Frame 1800 [Status 3]: RPM=20359.2 (target=4700)
Frame 1860 [Status 3]: RPM=20947.7 (target=4700)
Frame 1920 [Status 3]: RPM=20652.0 (target=4700)
Frame 1980 [Status 3]: RPM=20163.1 (target=4700)
Frame 2040 [Status 3]: RPM=20029.3 (target=4700)
Frame 2100 [Status 3]: RPM=20485.0 (target=4700)
Frame 2160 [Status 3]: RPM=20754.4 (target=4700)
Frame 2220 [Status 3]: RPM=4700.0 (target=4700)
Frame 2280 [Status 3]: RPM=4700.0 (target=4700)
Frame 2340 [Status 3]: RPM=4700.0 (target=4700)
Frame 2400 [Status 3]: RPM=4700.0 (target=4700)
